// Jest Snapshot v1, https://goo.gl/fbAQLP

exports[`DownloadAdditional component renders correctly 1`] = `
<<<<<<< HEAD
<div>
  <div
    class="download-additional"
  >
    <div
      class="download-additional__header"
    >
      <h3
        class="download-additional__title"
      >
        Additional Downloads
      </h3>
      <div
        class="download-toogle"
      >
        <div
          class="download-toogle__selector"
        >
          <button
            aria-checked="true"
            aria-label="Show LTS versions"
            class="download-toogle__switch"
            role="switch"
            type="button"
          >
            <span
              class="download-toogle__button -active"
            >
              LTS
            </span>
            <span
              class="download-toogle__button -current"
            >
              Current
            </span>
          </button>
        </div>
      </div>
    </div>
    <div
      class="download-additional__body"
    />
  </div>
=======
<div
  className="download-additional"
>
  <div
    className="download-additional__header"
  >
    <h3
      className="download-additional__title"
    >
      Additional Downloads
    </h3>
    <div
      className="download-toogle"
    >
      <div
        className="download-toogle__selector"
      >
        <button
          aria-checked={true}
          aria-label="Show LTS versions"
          className="download-toogle__switch"
          onClick={[Function]}
          role="switch"
          type="button"
        >
          <span
            className="download-toogle__button -active"
          >
            LTS
          </span>
          <span
            className="download-toogle__button -current"
          >
            Current
          </span>
        </button>
      </div>
    </div>
  </div>
  <div
    className="download-additional__body"
  />
>>>>>>> feat: additional downloads
</div>
`;
